node.exe : FAIL lib/srs/algorithm.test.ts
At line:1 char:1
+ & "C:\Program Files\nodejs/node.exe" 
"C:\Program Files\nodejs/node_mo ...
+ ~~~~~~~~~~~~~~~~~~~~~~~~~~~~~~~~~~~~~~~~~~~~~
~~~~~~~~~~~~~~~~~~~~~~~~
    + CategoryInfo          : NotSpecified: (F 
   AIL lib/srs/algorithm.test.ts:String) [],   
  RemoteException
    + FullyQualifiedErrorId : NativeCommandErr 
   or
 
  SRS Algorithm
    applyRemember
      ΓêÜ should handle first remember (new -> 
learning/review)
      ├ù should handle second remember
      ΓêÜ should handle third remember 
(exponential growth) (14 ms)
      ΓêÜ should clamp ease max
    applyForget
      ΓêÜ should reset reps and reduce ease
      ΓêÜ should clamp ease min

  ΓùÅ SRS Algorithm ΓÇ║ applyRemember ΓÇ║ 
should handle second remember

    expect(received).toBe(expected) // 
Object.is equality

    Expected: 3
    Received: 2.3499999999999996

    [0m [90m 31 |[39m
     [90m 32 |[39m             expect(result
[33m.[39mreps)[33m.[39mtoBe([35m2[39m)[33
m;[39m
    [31m[1m>[22m[39m[90m 33 |[39m        
     expect(result[33m.[39minterval_days)[33
m.[39mtoBe([33mDEFAULT_SRS_CONFIG[39m[33m.
[39msecondIntervalDays)[33m;[39m
     [90m    |[39m                           
               [31m[1m^[22m[39m
     [90m 34 |[39m         })[33m;[39m
     [90m 35 |[39m
     [90m 36 |[39m         it([32m'should 
handle third remember (exponential 
growth)'[39m[33m,[39m () [33m=>[39m {[0m

      at Object.<anonymous> 
(lib/srs/algorithm.test.ts:33:42)

Test Suites: 1 failed, 1 total
Tests:       1 failed, 5 passed, 6 total
Snapshots:   0 total
Time:        0.989 s, estimated 1 s
Ran all test suites.
